
scontrol show jobid 5090844
JobId=5090844 JobName=debugjob-1-annik
   UserId=annik(3040126) GroupId=tyrell(6007401) MCS_label=N/A
   Priority=11964190 Nice=0 Account=def-tyrell QOS=normal
   JobState=COMPLETING Reason=TimeLimit Dependency=(null)
   Requeue=0 Restarts=0 BatchFlag=0 Reboot=0 ExitCode=0:0
   RunTime=01:00:12 TimeLimit=01:00:00 TimeMin=N/A
   SubmitTime=2021-04-02T10:32:06 EligibleTime=2021-04-02T10:32:06
   AccrueTime=Unknown
   StartTime=2021-04-02T10:32:06 EndTime=2021-04-02T11:32:18 Deadline=N/A
   SuspendTime=None SecsPreSuspend=0 LastSchedEval=2021-04-02T10:32:06
   Partition=debug AllocNode:Sid=nia-login07:197734
   ReqNodeList=(null) ExcNodeList=(null)
   NodeList=nia0005
   BatchHost=nia0005
   NumNodes=1 NumCPUs=80 NumTasks=40 CPUs/Task=1 ReqB:S:C:T=0:0:*:*
   TRES=cpu=80,mem=175000M,node=1,billing=40
   Socks/Node=* NtasksPerN:B:S:C=0:0:*:* CoreSpec=*
   MinCPUsNode=1 MinMemoryNode=175000M MinTmpDiskNode=0
   Features=[skylake|cascade] DelayBoot=00:00:00
   OverSubscribe=NO Contiguous=0 Licenses=(null) Network=(null)
   Command=(null)
   WorkDir=/gpfs/fs0/scratch/t/tyrell/annik/MEMRL/basic/Tests/CH1
   Power=
   MailUser=annik@scinet.local MailType=NONE

sacct -j 5090844
       JobID    JobName    Account    Elapsed  MaxVMSize     MaxRSS  SystemCPU    UserCPU ExitCode 
------------ ---------- ---------- ---------- ---------- ---------- ---------- ---------- -------- 
5090844      debugjob-+ def-tyrell   01:00:12                        00:41.763  00:34.773      0:0 
5090844.ext+     extern def-tyrell   01:00:12    138360K       880K   00:00:00   00:00:00      0:0 
5090844.0          bash def-tyrell   01:01:08    382916K     36656K  00:41.763  00:34.772      0:9 
